train data save path: ../datasets/asap7-designs-repro
test data save path: ../datasets/asap7-designs-repro
----------------Loading the model and hyper-parameters----------------
Intializing models...
creating model in: ../output/base-130-ft-all-7-to-130-seed666-lr-1e-4-ep200-bs-2048-pt-jpeg,linkruncca-seed-1234
Path Model PathModel(
  (gnn): Sequential(
    (0): PathConv(
      (fc_cell_neigh): MLP(
        (activation): ReLU()
        (dropout): Dropout(p=0.5, inplace=False)
        (layers): Sequential(
          (0): Linear(in_features=128, out_features=256, bias=True)
          (1): ReLU()
          (2): Linear(in_features=256, out_features=128, bias=True)
        )
      )
      (fc_cell_self): MLP(
        (activation): ReLU()
        (dropout): Dropout(p=0.5, inplace=False)
        (layers): Sequential(
          (0): Linear(in_features=131, out_features=256, bias=True)
          (1): ReLU()
          (2): Linear(in_features=256, out_features=128, bias=True)
        )
      )
      (fc_net_self): MLP(
        (activation): ReLU()
        (dropout): Dropout(p=0.5, inplace=False)
        (layers): Sequential(
          (0): Linear(in_features=2, out_features=256, bias=True)
          (1): ReLU()
          (2): Linear(in_features=256, out_features=128, bias=True)
        )
      )
    )
  )
  (fcn): Sequential(
    (0): Linear(in_features=16384, out_features=128, bias=True)
  )
  (mlp): Sequential(
    (0): MLP2(
      (activation): ReLU()
      (dropout): Dropout(p=0, inplace=False)
      (layers): Sequential(
        (0): Linear(in_features=256, out_features=512, bias=True)
        (1): ReLU()
        (2): Linear(in_features=512, out_features=1, bias=True)
      )
    )
  )
)
cnn: LayoutNet(
  (encode): Sequential(
    (0): Conv2d(3, 32, kernel_size=(9, 9), stride=(1, 1), padding=(4, 4))
    (1): MaxPool2d(kernel_size=2, stride=2, padding=0, dilation=1, ceil_mode=False)
    (2): ReLU()
    (3): Conv2d(32, 64, kernel_size=(7, 7), stride=(1, 1), padding=(3, 3))
    (4): MaxPool2d(kernel_size=2, stride=2, padding=0, dilation=1, ceil_mode=False)
    (5): ReLU()
    (6): Conv2d(64, 32, kernel_size=(9, 9), stride=(1, 1), padding=(4, 4))
    (7): ReLU()
    (8): Conv2d(32, 1, kernel_size=(7, 7), stride=(1, 1), padding=(3, 3))
    (9): ReLU()
  )
)
Model Initializing is accomplished!
Model successfully initialized!
Model and hyper-parameters successfully loaded from ../output/base-130-pt-seed1357-lr-1e-4-ep200-bs-2048-train-jpeg,linkruncca-test-chacha,arm9,or1200,sha3
Hyperparameters are listed as follows:
Namespace(alpha=1.0, attn=False, batch_size=2048, beta=0.5, cell_feat_dim=131, change_alpha=False, change_lr=False, cnn_input_dim=512, cnn_outdim=128, data_save_path='../datasets/130-designs', design=None, droplast=False, feat_reduce=[6, 1], ft_mode='all', gcn_dropout=0, gpu=0, hidden_dim=256, in_dim=512, learning_rate=0.0001, load_ckpt_path='../output/base-130-pt-seed1357-lr-1e-4-ep200-bs-2048-train-jpeg,linkruncca-test-chacha,arm9,or1200,sha3', map_size=128, masking='critical', mlp_dropout=0, model_saving_dir='../output/base-130-ft-all-7-to-130-seed666-lr-1e-4-ep200-bs-2048-pt-jpeg,linkruncca-seed-1234', n_fcn=3, net_feat_dim=2, nlabels=1, no_cnn=False, no_gnn=False, norm=False, num_epoch=200, num_heads=1, os_rate=1, out_dim=128, pooling='max', predict_path='../prediction/example', preprocess=False, rawdata_path='../rawdata/example', reproducibility=False, seed=666, task='reg', test_node='7', test_set='arm9,chacha,hwacha,or1200,sha3', time_unit_trans='7_to_130', train_node='7', training_set='smallboom', unet=False, weight_decay=0)
seed: 666
The model architecture is shown as follow:
PathModel(
  (gnn): Sequential(
    (0): PathConv(
      (fc_cell_neigh): MLP(
        (activation): ReLU()
        (dropout): Dropout(p=0.5, inplace=False)
        (layers): Sequential(
          (0): Linear(in_features=128, out_features=256, bias=True)
          (1): ReLU()
          (2): Linear(in_features=256, out_features=128, bias=True)
        )
      )
      (fc_cell_self): MLP(
        (activation): ReLU()
        (dropout): Dropout(p=0.5, inplace=False)
        (layers): Sequential(
          (0): Linear(in_features=131, out_features=256, bias=True)
          (1): ReLU()
          (2): Linear(in_features=256, out_features=128, bias=True)
        )
      )
      (fc_net_self): MLP(
        (activation): ReLU()
        (dropout): Dropout(p=0.5, inplace=False)
        (layers): Sequential(
          (0): Linear(in_features=2, out_features=256, bias=True)
          (1): ReLU()
          (2): Linear(in_features=256, out_features=128, bias=True)
        )
      )
    )
  )
  (fcn): Sequential(
    (0): Linear(in_features=16384, out_features=128, bias=True)
  )
  (mlp): Sequential(
    (0): MLP2(
      (activation): ReLU()
      (dropout): Dropout(p=0, inplace=False)
      (layers): Sequential(
        (0): Linear(in_features=256, out_features=512, bias=True)
        (1): ReLU()
        (2): Linear(in_features=512, out_features=1, bias=True)
      )
    )
  )
)
LayoutNet(
  (encode): Sequential(
    (0): Conv2d(3, 32, kernel_size=(9, 9), stride=(1, 1), padding=(4, 4))
    (1): MaxPool2d(kernel_size=2, stride=2, padding=0, dilation=1, ceil_mode=False)
    (2): ReLU()
    (3): Conv2d(32, 64, kernel_size=(7, 7), stride=(1, 1), padding=(3, 3))
    (4): MaxPool2d(kernel_size=2, stride=2, padding=0, dilation=1, ceil_mode=False)
    (5): ReLU()
    (6): Conv2d(64, 32, kernel_size=(9, 9), stride=(1, 1), padding=(4, 4))
    (7): ReLU()
    (8): Conv2d(32, 1, kernel_size=(7, 7), stride=(1, 1), padding=(3, 3))
    (9): ReLU()
  )
)
----------------Loading data----------------
--- train designs:  ['smallboom']
torch.Size([61764, 16384]) torch.Size([650896, 42])
original cell feat for node 7: torch.Size([650896, 42])
--- test designs:  ['arm9', 'chacha', 'hwacha', 'or1200', 'sha3']
torch.Size([2500, 16384]) torch.Size([41909, 42])
original cell feat for node 7: torch.Size([41909, 42])
500 1020
torch.Size([1986, 16384]) torch.Size([35520, 42])
original cell feat for node 7: torch.Size([35520, 42])
396 727
torch.Size([61313, 16384]) torch.Size([1333973, 42])
original cell feat for node 7: torch.Size([1333973, 42])
12261 21069
torch.Size([172401, 16384]) torch.Size([1136405, 42])
original cell feat for node 7: torch.Size([1136405, 42])
34480 23786
torch.Size([60323, 16384]) torch.Size([749837, 42])
original cell feat for node 7: torch.Size([749837, 42])
12064 10478
Setting the optimizer and weights to update
GNN params
gnn.0.fc_cell_neigh.layers.0.weight
gnn.0.fc_cell_neigh.layers.0.bias
gnn.0.fc_cell_neigh.layers.2.weight
gnn.0.fc_cell_neigh.layers.2.bias
gnn.0.fc_cell_self.layers.0.weight
gnn.0.fc_cell_self.layers.0.bias
gnn.0.fc_cell_self.layers.2.weight
gnn.0.fc_cell_self.layers.2.bias
gnn.0.fc_net_self.layers.0.weight
gnn.0.fc_net_self.layers.0.bias
gnn.0.fc_net_self.layers.2.weight
gnn.0.fc_net_self.layers.2.bias
fcn.0.weight
fcn.0.bias
mlp.0.layers.0.weight
mlp.0.layers.0.bias
mlp.0.layers.2.weight
mlp.0.layers.2.bias
CNN params
encode.0.weight
encode.0.bias
encode.3.weight
encode.3.bias
encode.6.weight
encode.6.bias
encode.8.weight
encode.8.bias
Optimiza all the parameters!
----------------Start training---------------
index2design: {0: 'smallboom'}
e0,smallboom,b0/36, l:189345.375, r2:-1.328, r:0.022, F1:0.044
validate:
	case 0 	l:111176.930, r2:0.260, rc:0.324, F1:0.489
	case 1 	l:1055924.125, r2:-3.347, rc:0.683, F1:0.811
	case 2 	l:2236770.500, r2:-13.649, rc:0.441, F1:0.596
	case 3 	l:147109.766, r2:-2.450, rc:0.525, F1:0.688
	case 4 	l:126553.406, r2:-1.064, rc:0.205, F1:0.340
	overall r2:-4.050, rc:0.435, F1:0.585
e0,smallboom,b1/36, l:342200.625, r2:-3.283, r:0.082, F1:0.151
e0,smallboom,b2/36, l:173650.594, r2:-1.135, r:0.037, F1:0.072
e0,smallboom,b3/36, l:192209.000, r2:-1.427, r:0.000, F1:0.000
e0,smallboom,b4/36, l:204588.219, r2:-1.458, r:0.000, F1:0.000
e0,smallboom,b5/36, l:204762.531, r2:-1.583, r:0.000, F1:0.000
e0,smallboom,b6/36, l:221329.719, r2:-1.768, r:0.000, F1:0.000
e0,smallboom,b7/36, l:211030.953, r2:-1.817, r:0.000, F1:0.000
e0,smallboom,b8/36, l:208813.984, r2:-1.688, r:0.000, F1:0.000
e0,smallboom,b9/36, l:211304.375, r2:-1.683, r:0.000, F1:0.000
e0,smallboom,b10/36, l:218331.000, r2:-1.782, r:0.000, F1:0.000
e0,smallboom,b11/36, l:208687.812, r2:-1.717, r:0.000, F1:0.000
e0,smallboom,b12/36, l:207003.438, r2:-1.594, r:0.000, F1:0.000
e0,smallboom,b13/36, l:202243.188, r2:-1.626, r:0.000, F1:0.000
e0,smallboom,b14/36, l:202223.094, r2:-1.647, r:0.000, F1:0.000
e0,smallboom,b15/36, l:194199.844, r2:-1.465, r:0.000, F1:0.000
e0,smallboom,b16/36, l:192527.469, r2:-1.411, r:0.000, F1:0.000
e0,smallboom,b17/36, l:183084.188, r2:-1.346, r:0.000, F1:0.000
e0,smallboom,b18/36, l:175648.703, r2:-1.242, r:0.000, F1:0.000
e0,smallboom,b19/36, l:166926.969, r2:-1.117, r:0.000, F1:0.000
e0,smallboom,b20/36, l:161450.781, r2:-1.046, r:0.000, F1:0.000
e0,smallboom,b21/36, l:160045.562, r2:-1.048, r:0.000, F1:0.000
e0,smallboom,b22/36, l:158848.406, r2:-0.985, r:0.000, F1:0.000
e0,smallboom,b23/36, l:147859.109, r2:-0.896, r:0.000, F1:0.000
e0,smallboom,b24/36, l:140902.984, r2:-0.789, r:0.000, F1:0.000
e0,smallboom,b25/36, l:133448.266, r2:-0.621, r:0.000, F1:0.000
e0,smallboom,b26/36, l:123292.250, r2:-0.538, r:0.000, F1:0.000
e0,smallboom,b27/36, l:117186.555, r2:-0.529, r:0.000, F1:0.000
e0,smallboom,b28/36, l:110700.812, r2:-0.369, r:0.000, F1:0.000
e0,smallboom,b29/36, l:96171.180, r2:-0.237, r:0.000, F1:0.000
e0,smallboom,b30/36, l:88210.164, r2:-0.118, r:0.000, F1:0.000
e0,smallboom,b31/36, l:76041.883, r2:0.038, r:0.000, F1:0.000
e0,smallboom,b32/36, l:64083.113, r2:0.137, r:0.000, F1:0.000
e0,smallboom,b33/36, l:57823.223, r2:0.279, r:0.003, F1:0.005
e0,smallboom,b34/36, l:48123.176, r2:0.384, r:0.014, F1:0.028
e0,smallboom,b35/36, l:37943.617, r2:0.499, r:0.084, F1:0.154
validate:
	case 0 	l:38881.637, r2:0.741, rc:0.995, F1:0.960
	case 1 	l:56252.746, r2:0.768, rc:0.883, F1:0.914
	case 2 	l:98727.305, r2:0.353, rc:0.373, F1:0.541
